Circuit: * C:\users\martin\Documents\utn\TC2_Tareas\Tarea_2_10db.asc

Ignoring empty pin current: Ix(u1:1)
Ignoring empty pin current: Ix(u1:2)
Ignoring empty pin current: Ix(u2:1)
Ignoring empty pin current: Ix(u2:2)
Ignoring empty pin current: Ix(u1_1:1)
Ignoring empty pin current: Ix(u1_1:2)
Ignoring empty pin current: Ix(u2_2:1)
Ignoring empty pin current: Ix(u2_2:2)
Ignoring empty pin current: Ix(u3_3:1)
Ignoring empty pin current: Ix(u3_3:2)
Ignoring empty pin current: Ix(u3:1)
Ignoring empty pin current: Ix(u3:2)
Ignoring empty pin current: Ix(u1_3:1)
Ignoring empty pin current: Ix(u1_3:2)

Date: Tue May 05 13:08:20 2026
Total elapsed time: 0.144 seconds.

tnom = 27
temp = 27
method = trap
totiter = 0
traniter = 0
tranpoints = 0
accept = 0
rejected = 0
matrix size = 19
fillins = 18
solver = Normal

